// Jest Snapshot v1, https://goo.gl/fbAQLP

exports[`simple-project-4 1`] = `
Array [
  Object {
    "FileLocation": "custom.md",
    "Result": Array [
      "# Table of contents",
      "",
      "* [custom.ts][SourceFile-0]",
      "    * Variables",
      "        * [My variable CustomSecretRandomNumber][VariableDeclaration-0]",
      "",
      "# custom.ts",
      "",
      "## Variables",
      "",
      "### My variable CustomSecretRandomNumber",
      "",
      "Variable plugin result.",
      "",
      "[SourceFile-0]: custom.md#customts",
      "[VariableDeclaration-0]: custom.md#my-variable-customsecretrandomnumber",
    ],
  },
  Object {
    "FileLocation": "to-exclude.md",
    "Result": Array [
      "# to-exclude.ts",
      "",
      "[SourceFile-1]: to-exclude.md#to-excludets",
    ],
  },
]
`;
