// Jest Snapshot v1, https://goo.gl/fbAQLP

exports[`simple-project-3 1`] = `
Array [
  Object {
    "FileLocation": "index.md",
    "Result": Array [
      "# index.ts",
      "",
      "## Namespaces",
      "",
      "### [SimpleNamespace][ModuleDeclaration-0]",
      "",
      "General comment about SimpleNamespace.",
      "",
      "",
      "----------",
      "",
      "### [AnotherSimpleNamespace][ModuleDeclaration-1]",
      "",
      "",
      "----------",
      "",
      "### [Validation][ModuleDeclaration-2]",
      "",
      "",
      "----------",
      "",
      "### [Validation][ModuleDeclaration-3]",
      "",
      "",
      "----------",
      "",
      "### [Validation][ModuleDeclaration-4]",
      "",
      "",
      "----------",
      "",
      "### [NamespaceOne][ModuleDeclaration-5]",
      "",
      "",
      "[SourceFile-0]: index.md#indexts",
      "[ModuleDeclaration-0]: index/simplenamespace.md#simplenamespace",
      "[ModuleDeclaration-1]: index/anothersimplenamespace.md#anothersimplenamespace",
      "[ModuleDeclaration-2]: index/validation.md#validation",
      "[ModuleDeclaration-3]: index/validation.md#validation",
      "[ModuleDeclaration-4]: index/validation.md#validation",
      "[ModuleDeclaration-5]: index/namespaceone.md#namespaceone",
    ],
  },
  Object {
    "FileLocation": "index/simplenamespace.md",
    "Result": Array [
      "# Table of contents",
      "",
      "* [SimpleNamespace][ModuleDeclaration-0]",
      "    * Interfaces",
      "        * [SimpleInterface][InterfaceDeclaration-0]",
      "    * Variables",
      "        * [SimpleObject][VariableDeclaration-0]",
      "",
      "# SimpleNamespace",
      "",
      "General comment about SimpleNamespace.",
      "",
      "## Interfaces",
      "",
      "### SimpleInterface",
      "",
      "\`\`\`typescript",
      "interface SimpleInterface {",
      "    Property1: string;",
      "    Property2: string;",
      "}",
      "\`\`\`",
      "",
      "**Properties**",
      "",
      "| Name      | Type   | Optional |",
      "| --------- | ------ | -------- |",
      "| Property1 | string | false    |",
      "| Property2 | string | false    |",
      "",
      "## Variables",
      "",
      "### SimpleObject",
      "",
      "\`\`\`typescript",
      "const SimpleObject: SimpleInterface;",
      "\`\`\`",
      "",
      "**Type**",
      "",
      "const SimpleObject: SimpleInterface;",
      "",
      "[ModuleDeclaration-0]: simplenamespace.md#simplenamespace",
      "[InterfaceDeclaration-0]: simplenamespace.md#simpleinterface",
      "[VariableDeclaration-0]: simplenamespace.md#simpleobject",
    ],
  },
  Object {
    "FileLocation": "index/anothersimplenamespace.md",
    "Result": Array [
      "# Table of contents",
      "",
      "* [AnotherSimpleNamespace][ModuleDeclaration-1]",
      "    * Interfaces",
      "        * [SimpleInterface][InterfaceDeclaration-1]",
      "",
      "# AnotherSimpleNamespace",
      "",
      "## Interfaces",
      "",
      "### SimpleInterface",
      "",
      "\`\`\`typescript",
      "interface SimpleInterface extends SimpleInterface {",
      "    Property3: string;",
      "}",
      "\`\`\`",
      "",
      "**Extends**",
      "",
      "SimpleInterface",
      "",
      "**Properties**",
      "",
      "| Name      | Type   | Optional |",
      "| --------- | ------ | -------- |",
      "| Property3 | string | false    |",
      "",
      "[ModuleDeclaration-1]: anothersimplenamespace.md#anothersimplenamespace",
      "[InterfaceDeclaration-1]: anothersimplenamespace.md#simpleinterface",
    ],
  },
  Object {
    "FileLocation": "index/validation.md",
    "Result": Array [
      "# Validation",
      "",
      "## Interfaces",
      "",
      "### [StringValidator][InterfaceDeclaration-2]",
      "",
      "## Classes",
      "",
      "### [LettersOnlyValidator][ClassDeclaration-0]",
      "",
      "----------",
      "",
      "### [ZipCodeValidator][ClassDeclaration-1]",
      "",
      "[ModuleDeclaration-4]: validation.md#validation",
    ],
  },
  Object {
    "FileLocation": "index/validation/lettersonlyvalidator.md",
    "Result": Array [
      "# Table of contents",
      "",
      "* [LettersOnlyValidator][ClassDeclaration-0]",
      "    * Methods",
      "        * [isAcceptable][MethodDeclaration-0]",
      "",
      "# LettersOnlyValidator",
      "",
      "\`\`\`typescript",
      "class LettersOnlyValidator implements StringValidator",
      "\`\`\`",
      "## Methods",
      "",
      "### isAcceptable",
      "",
      "\`\`\`typescript",
      "public isAcceptable(s: string): boolean",
      "\`\`\`",
      "",
      "**Parameters**",
      "",
      "| Name | Type   |",
      "| ---- | ------ |",
      "| s    | string |",
      "",
      "**Return type**",
      "",
      "boolean",
      "",
      "[ClassDeclaration-0]: lettersonlyvalidator.md#lettersonlyvalidator",
      "[MethodDeclaration-0]: lettersonlyvalidator.md#isacceptable",
    ],
  },
  Object {
    "FileLocation": "index/validation/zipcodevalidator.md",
    "Result": Array [
      "# Table of contents",
      "",
      "* [ZipCodeValidator][ClassDeclaration-1]",
      "    * Methods",
      "        * [isAcceptable][MethodDeclaration-1]",
      "",
      "# ZipCodeValidator",
      "",
      "\`\`\`typescript",
      "class ZipCodeValidator implements StringValidator",
      "\`\`\`",
      "## Methods",
      "",
      "### isAcceptable",
      "",
      "\`\`\`typescript",
      "public isAcceptable(s: string): boolean",
      "\`\`\`",
      "",
      "**Parameters**",
      "",
      "| Name | Type   |",
      "| ---- | ------ |",
      "| s    | string |",
      "",
      "**Return type**",
      "",
      "boolean",
      "",
      "[ClassDeclaration-1]: zipcodevalidator.md#zipcodevalidator",
      "[MethodDeclaration-1]: zipcodevalidator.md#isacceptable",
    ],
  },
  Object {
    "FileLocation": "index/namespaceone.md",
    "Result": Array [
      "# NamespaceOne",
      "",
      "## Namespaces",
      "",
      "### [NamespaceTwo][ModuleDeclaration-6]",
      "",
      "",
      "----------",
      "",
      "### [NamespaceThree][ModuleDeclaration-7]",
      "",
      "",
      "[ModuleDeclaration-5]: namespaceone.md#namespaceone",
      "[ModuleDeclaration-6]: namespaceone/namespacetwo.md#namespacetwo",
      "[ModuleDeclaration-7]: namespaceone/namespacethree.md#namespacethree",
    ],
  },
  Object {
    "FileLocation": "index/namespaceone/namespacetwo.md",
    "Result": Array [
      "# NamespaceTwo",
      "",
      "## Classes",
      "",
      "### [SomeClass][ClassDeclaration-2]",
      "",
      "",
      "[ModuleDeclaration-6]: namespacetwo.md#namespacetwo",
      "[ClassDeclaration-2]: namespacetwo/someclass.md#someclass",
    ],
  },
  Object {
    "FileLocation": "index/namespaceone/namespacetwo/someclass.md",
    "Result": Array [
      "# Table of contents",
      "",
      "* [SomeClass][ClassDeclaration-2]",
      "    * Properties",
      "        * [Name][PropertyDeclaration-0]",
      "",
      "# SomeClass",
      "",
      "\`\`\`typescript",
      "class SomeClass",
      "\`\`\`",
      "## Properties",
      "",
      "### Name",
      "",
      "\`\`\`typescript",
      "public static Name: string;",
      "\`\`\`",
      "",
      "**Type**",
      "",
      "string",
      "",
      "[ClassDeclaration-2]: someclass.md#someclass",
      "[PropertyDeclaration-0]: someclass.md#name",
    ],
  },
  Object {
    "FileLocation": "index/namespaceone/namespacethree.md",
    "Result": Array [
      "# NamespaceThree",
      "",
      "## Namespaces",
      "",
      "### [NamespaceFour][ModuleDeclaration-8]",
      "",
      "",
      "[ModuleDeclaration-7]: namespacethree.md#namespacethree",
      "[ModuleDeclaration-8]: namespacethree/namespacefour.md#namespacefour",
    ],
  },
  Object {
    "FileLocation": "index/namespaceone/namespacethree/namespacefour.md",
    "Result": Array [
      "# Table of contents",
      "",
      "* [NamespaceFour][ModuleDeclaration-8]",
      "    * Interfaces",
      "        * [InterfaceInFour][InterfaceDeclaration-3]",
      "",
      "# NamespaceFour",
      "",
      "## Interfaces",
      "",
      "### InterfaceInFour",
      "",
      "\`\`\`typescript",
      "interface InterfaceInFour {",
      "    Property1: string;",
      "    Property2: string;",
      "}",
      "\`\`\`",
      "",
      "**Properties**",
      "",
      "| Name      | Type   | Optional |",
      "| --------- | ------ | -------- |",
      "| Property1 | string | false    |",
      "| Property2 | string | false    |",
      "",
      "[ModuleDeclaration-8]: namespacefour.md#namespacefour",
      "[InterfaceDeclaration-3]: namespacefour.md#interfaceinfour",
    ],
  },
]
`;
