// Jest Snapshot v1, https://goo.gl/fbAQLP

exports[`simple-project-2 1`] = `
Array [
  Object {
    "FileLocation": "index.md",
    "Result": Array [
      "# Table of contents",
      "",
      "* [index.ts][SourceFile-0]",
      "    * Interfaces",
      "        * [Start][InterfaceDeclaration-1]",
      "",
      "# index.ts",
      "",
      "## Interfaces",
      "",
      "### Start",
      "",
      "\`\`\`typescript",
      "interface Start {",
      "    HandleMessage(message: string): string;",
      "}",
      "\`\`\`",
      "#### Method",
      "",
      "\`\`\`typescript",
      "HandleMessage(message: string): string;",
      "\`\`\`",
      "",
      "**Parameters**",
      "",
      "| Name    | Type   |",
      "| ------- | ------ |",
      "| message | string |",
      "",
      "**Return type**",
      "",
      "string",
      "",
      "",
      "## Classes",
      "",
      "### [Foo][ClassDeclaration-0]",
      "",
      "General comment about class Foo.",
      "",
      "",
      "----------",
      "",
      "### [FooStart][ClassDeclaration-1]",
      "",
      "",
      "----------",
      "",
      "### [BooStart][ClassDeclaration-2]",
      "",
      "",
      "[SourceFile-0]: index.md#indexts",
      "[InterfaceDeclaration-1]: index.md#start",
      "[ClassDeclaration-0]: index/foo.md#foo",
      "[ClassDeclaration-1]: index/foostart.md#foostart",
      "[ClassDeclaration-2]: index/boostart.md#boostart",
    ],
  },
  Object {
    "FileLocation": "index/foo.md",
    "Result": Array [
      "# Table of contents",
      "",
      "* [Foo][ClassDeclaration-0]",
      "    * Constructor",
      "        * [constructor(suffix)][Constructor-0]",
      "    * Methods",
      "        * [DefaultMessageTypeString()][MethodDeclaration-0]",
      "        * [GetMessage(message)][MethodDeclaration-1]",
      "        * [PrintMessage(messageDto)][MethodDeclaration-2]",
      "        * [ResolveSimpleMessageObject(message)][MethodDeclaration-3]",
      "    * Properties",
      "        * [Name][PropertyDeclaration-0]",
      "        * [IsSuffixSet][PropertyDeclaration-1]",
      "        * [DefaultMessage][GetAccessor-0]",
      "        * [SetDefaultSuffix][SetAccessor-0]",
      "",
      "# Foo",
      "",
      "General comment about class Foo.",
      "",
      "\`\`\`typescript",
      "class Foo",
      "\`\`\`",
      "## Constructor",
      "",
      "### constructor(suffix)",
      "",
      "Some constructor.",
      "",
      "\`\`\`typescript",
      "public constructor(suffix: string | undefined);",
      "\`\`\`",
      "",
      "**Parameters**",
      "",
      "| Name   | Type                    | Description        |",
      "| ------ | ----------------------- | ------------------ |",
      "| suffix | string &#124; undefined | Suffix of message. |",
      "",
      "## Methods",
      "",
      "### DefaultMessageTypeString()",
      "",
      "public static method \`DefaultMessageTypeString\` comment.",
      "",
      "\`\`\`typescript",
      "public static DefaultMessageTypeString(): string;",
      "\`\`\`",
      "",
      "**Return type**",
      "",
      "string",
      "",
      "----------",
      "",
      "### GetMessage(message)",
      "",
      "\`\`\`typescript",
      "public GetMessage(message: string): string;",
      "\`\`\`",
      "",
      "**Parameters**",
      "",
      "| Name    | Type   | Description   |",
      "| ------- | ------ | ------------- |",
      "| message | string | Message text. |",
      "",
      "**Return type**",
      "",
      "string",
      "",
      "----------",
      "",
      "### PrintMessage(messageDto)",
      "",
      "\`\`\`typescript",
      "public PrintMessage<T extends Object>(messageDto: MessageDto<T>): void;",
      "\`\`\`",
      "",
      "**Type parameters**",
      "",
      "| Name | Constraint |",
      "| ---- | ---------- |",
      "| T    | Object     |",
      "",
      "**Parameters**",
      "",
      "| Name       | Type                                    |",
      "| ---------- | --------------------------------------- |",
      "| messageDto | [MessageDto][InterfaceDeclaration-0]<T> |",
      "",
      "**Return type**",
      "",
      "void",
      "",
      "----------",
      "",
      "### ResolveSimpleMessageObject(message)",
      "",
      "\`\`\`typescript",
      "public ResolveSimpleMessageObject<T>(message: T): { Message: T; };",
      "\`\`\`",
      "",
      "**Type parameters**",
      "",
      "| Name |",
      "| ---- |",
      "| T    |",
      "",
      "**Parameters**",
      "",
      "| Name    | Type |",
      "| ------- | ---- |",
      "| message | T    |",
      "",
      "**Return type**",
      "",
      "{ Message: T; }",
      "",
      "## Properties",
      "",
      "### Name",
      "",
      "**Warning Beta!**",
      "",
      "Deprecated!",
      "",
      "public static property \`Name\` comment.",
      "",
      "\`\`\`typescript",
      "public static Name: string;",
      "\`\`\`",
      "",
      "**Type**",
      "",
      "string",
      "",
      "----------",
      "",
      "### IsSuffixSet",
      "",
      "\`\`\`typescript",
      "public IsSuffixSet?: boolean | undefined;",
      "\`\`\`",
      "",
      "**Type**",
      "",
      "boolean | undefined",
      "",
      "----------",
      "",
      "### DefaultMessage",
      "",
      "\`\`\`typescript",
      "public get DefaultMessage: string;",
      "\`\`\`",
      "",
      "**Type**",
      "",
      "string",
      "",
      "----------",
      "",
      "### SetDefaultSuffix",
      "",
      "\`\`\`typescript",
      "public set SetDefaultSuffix: string;",
      "\`\`\`",
      "",
      "**Type**",
      "",
      "string",
      "",
      "[ClassDeclaration-0]: foo.md#foo",
      "[Constructor-0]: foo.md#constructorsuffix",
      "[MethodDeclaration-0]: foo.md#defaultmessagetypestring",
      "[MethodDeclaration-1]: foo.md#getmessagemessage",
      "[MethodDeclaration-2]: foo.md#printmessagemessagedto",
      "[InterfaceDeclaration-0]: ../foo.md#messagedto",
      "[MethodDeclaration-3]: foo.md#resolvesimplemessageobjectmessage",
      "[PropertyDeclaration-0]: foo.md#name",
      "[PropertyDeclaration-1]: foo.md#issuffixset",
      "[GetAccessor-0]: foo.md#defaultmessage",
      "[SetAccessor-0]: foo.md#setdefaultsuffix",
    ],
  },
  Object {
    "FileLocation": "index/foostart.md",
    "Result": Array [
      "# Table of contents",
      "",
      "* [FooStart][ClassDeclaration-1]",
      "    * Methods",
      "        * [HandleMessage(message)][MethodDeclaration-4]",
      "",
      "# FooStart",
      "",
      "\`\`\`typescript",
      "class FooStart implements Start",
      "\`\`\`",
      "## Methods",
      "",
      "### HandleMessage(message)",
      "",
      "\`\`\`typescript",
      "public HandleMessage(message: string): string;",
      "\`\`\`",
      "",
      "**Parameters**",
      "",
      "| Name    | Type   |",
      "| ------- | ------ |",
      "| message | string |",
      "",
      "**Return type**",
      "",
      "string",
      "",
      "[ClassDeclaration-1]: foostart.md#foostart",
      "[MethodDeclaration-4]: foostart.md#handlemessagemessage",
    ],
  },
  Object {
    "FileLocation": "index/boostart.md",
    "Result": Array [
      "# BooStart",
      "",
      "\`\`\`typescript",
      "class BooStart",
      "\`\`\`",
      "[ClassDeclaration-2]: boostart.md#boostart",
    ],
  },
  Object {
    "FileLocation": "foo.md",
    "Result": Array [
      "# Table of contents",
      "",
      "* [foo.ts][SourceFile-1]",
      "    * Interfaces",
      "        * [MessageDto][InterfaceDeclaration-0]",
      "",
      "# foo.ts",
      "",
      "## Interfaces",
      "",
      "### MessageDto",
      "",
      "\`\`\`typescript",
      "interface MessageDto<T> {",
      "    Message: T;",
      "    Time: string;",
      "}",
      "\`\`\`",
      "",
      "**Type parameters**",
      "",
      "| Name |",
      "| ---- |",
      "| T    |",
      "",
      "**Properties**",
      "",
      "| Name    | Type   | Optional |",
      "| ------- | ------ | -------- |",
      "| Message | T      | false    |",
      "| Time    | string | false    |",
      "",
      "## Classes",
      "",
      "### [Foo][ClassDeclaration-0]",
      "",
      "[SourceFile-1]: foo.md#foots",
      "[InterfaceDeclaration-0]: foo.md#messagedto",
    ],
  },
  Object {
    "FileLocation": "boo.md",
    "Result": Array [
      "# boo.ts",
      "",
      "## Classes",
      "",
      "### [AbstractBoo][ClassDeclaration-3]",
      "",
      "",
      "----------",
      "",
      "### [Boo][ClassDeclaration-4]",
      "",
      "",
      "[SourceFile-2]: boo.md#boots",
      "[ClassDeclaration-3]: boo/abstractboo.md#abstractboo",
      "[ClassDeclaration-4]: boo/boo.md#boo",
    ],
  },
  Object {
    "FileLocation": "boo/abstractboo.md",
    "Result": Array [
      "# Table of contents",
      "",
      "* [AbstractBoo][ClassDeclaration-3]",
      "    * Methods",
      "        * [BooTheMessage()][MethodDeclaration-5]",
      "    * Properties",
      "        * [DefaultBooMessage][PropertyDeclaration-2]",
      "        * [BooMessage][PropertyDeclaration-3]",
      "        * [AbstractBooMember][PropertyDeclaration-4]",
      "",
      "# AbstractBoo",
      "",
      "\`\`\`typescript",
      "abstract class AbstractBoo",
      "\`\`\`",
      "## Methods",
      "",
      "### BooTheMessage()",
      "",
      "\`\`\`typescript",
      "public abstract BooTheMessage(): string;",
      "\`\`\`",
      "",
      "**Return type**",
      "",
      "string",
      "",
      "## Properties",
      "",
      "### DefaultBooMessage",
      "",
      "\`\`\`typescript",
      "public abstract readonly DefaultBooMessage: string;",
      "\`\`\`",
      "",
      "**Type**",
      "",
      "string",
      "",
      "----------",
      "",
      "### BooMessage",
      "",
      "\`\`\`typescript",
      "public abstract BooMessage: string;",
      "\`\`\`",
      "",
      "**Type**",
      "",
      "string",
      "",
      "----------",
      "",
      "### AbstractBooMember",
      "",
      "\`\`\`typescript",
      "public abstract AbstractBooMember?: string | undefined;",
      "\`\`\`",
      "",
      "**Type**",
      "",
      "string | undefined",
      "",
      "[ClassDeclaration-3]: abstractboo.md#abstractboo",
      "[MethodDeclaration-5]: abstractboo.md#boothemessage",
      "[PropertyDeclaration-2]: abstractboo.md#defaultboomessage",
      "[PropertyDeclaration-3]: abstractboo.md#boomessage",
      "[PropertyDeclaration-4]: abstractboo.md#abstractboomember",
    ],
  },
  Object {
    "FileLocation": "boo/boo.md",
    "Result": Array [
      "# Table of contents",
      "",
      "* [Boo][ClassDeclaration-4]",
      "    * Constructor",
      "        * [constructor()][Constructor-1]",
      "    * Methods",
      "        * [BooTheMessage()][MethodDeclaration-6]",
      "    * Properties",
      "        * [DefaultBooMessage][PropertyDeclaration-5]",
      "        * [BooMessage][PropertyDeclaration-6]",
      "        * [AbstractBooMember][PropertyDeclaration-7]",
      "",
      "# Boo",
      "",
      "\`\`\`typescript",
      "class Boo",
      "\`\`\`",
      "## Constructor",
      "",
      "### constructor()",
      "",
      "\`\`\`typescript",
      "public constructor();",
      "\`\`\`",
      "",
      "## Methods",
      "",
      "### BooTheMessage()",
      "",
      "\`\`\`typescript",
      "public BooTheMessage(): string;",
      "\`\`\`",
      "",
      "**Return type**",
      "",
      "string",
      "",
      "## Properties",
      "",
      "### DefaultBooMessage",
      "",
      "\`\`\`typescript",
      "public DefaultBooMessage: string;",
      "\`\`\`",
      "",
      "**Type**",
      "",
      "string",
      "",
      "----------",
      "",
      "### BooMessage",
      "",
      "\`\`\`typescript",
      "public BooMessage: string;",
      "\`\`\`",
      "",
      "**Type**",
      "",
      "string",
      "",
      "----------",
      "",
      "### AbstractBooMember",
      "",
      "\`\`\`typescript",
      "public AbstractBooMember?: string | undefined;",
      "\`\`\`",
      "",
      "**Type**",
      "",
      "string | undefined",
      "",
      "[ClassDeclaration-4]: boo.md#boo",
      "[Constructor-1]: boo.md#constructor",
      "[MethodDeclaration-6]: boo.md#boothemessage",
      "[PropertyDeclaration-5]: boo.md#defaultboomessage",
      "[PropertyDeclaration-6]: boo.md#boomessage",
      "[PropertyDeclaration-7]: boo.md#abstractboomember",
    ],
  },
]
`;
